
> bos-ai@0.1.0 dev
> next dev

⚠ Port 3000 is in use by process 10492, using available port 3001 instead.
▲ Next.js 16.2.10 (Turbopack)
- Local:         http://localhost:3001
- Network:       http://172.25.144.1:3001
✓ Ready in 1360ms

○ Compiling /knowledge-base ...
✓ Finished writing to filesystem cache in 21.4s
 GET /knowledge-base 200 in 55s (next.js: 53s, application-code: 2.4s)
 GET /knowledge-base 200 in 140ms (next.js: 31ms, application-code: 109ms)
 GET /knowledge-base 200 in 99ms (next.js: 11ms, application-code: 88ms)
 GET /knowledge-base 200 in 106ms (next.js: 10ms, application-code: 96ms)
 GET /knowledge-base 200 in 95ms (next.js: 11ms, application-code: 84ms)
 GET /knowledge-base 200 in 106ms (next.js: 6ms, application-code: 100ms)
 GET /knowledge-base/kb_5 200 in 2.2s (next.js: 2.2s, application-code: 42ms)
 GET /knowledge-base 200 in 125ms (next.js: 8ms, application-code: 116ms)
 GET /knowledge-base 200 in 89ms (next.js: 7ms, application-code: 81ms)
 GET /knowledge-base 200 in 90ms (next.js: 7ms, application-code: 83ms)
 GET /knowledge-base 200 in 116ms (next.js: 9ms, application-code: 107ms)
 GET /knowledge-base 200 in 84ms (next.js: 8ms, application-code: 76ms)
 GET /knowledge-base 200 in 113ms (next.js: 6ms, application-code: 108ms)
 GET /knowledge-base 200 in 92ms (next.js: 7ms, application-code: 85ms)
 GET /knowledge-base 200 in 79ms (next.js: 5ms, application-code: 74ms)
 GET /knowledge-base/kb_1 200 in 114ms (next.js: 19ms, application-code: 95ms)
 GET /knowledge-base/kb_4 200 in 103ms (next.js: 9ms, application-code: 93ms)
 GET /knowledge-base/kb_5 200 in 97ms (next.js: 14ms, application-code: 83ms)
 GET /knowledge-base/kb_1 200 in 88ms (next.js: 14ms, application-code: 74ms)
 GET /knowledge-base/kb_4 200 in 100ms (next.js: 8ms, application-code: 92ms)
 GET /knowledge-base/kb_5 200 in 100ms (next.js: 6ms, application-code: 94ms)
 GET /knowledge-base/kb_1 200 in 93ms (next.js: 13ms, application-code: 80ms)
 GET /knowledge-base/does-not-exist 404 in 108ms (next.js: 13ms, application-code: 96ms)
 GET /workflows 200 in 1013ms (next.js: 945ms, application-code: 68ms)
 GET /knowledge-base 200 in 96ms (next.js: 8ms, application-code: 87ms)
 GET /knowledge-base 200 in 94ms (next.js: 6ms, application-code: 87ms)
 GET /knowledge-base 200 in 99ms (next.js: 6ms, application-code: 93ms)
 GET /knowledge-base 200 in 100ms (next.js: 6ms, application-code: 95ms)
 GET /knowledge-base 200 in 92ms (next.js: 7ms, application-code: 85ms)
 GET /knowledge-base 200 in 92ms (next.js: 6ms, application-code: 86ms)
 GET /knowledge-base 200 in 102ms (next.js: 7ms, application-code: 95ms)
 GET /knowledge-base/kb_5 200 in 50ms (next.js: 21ms, application-code: 29ms)
 GET /knowledge-base 200 in 95ms (next.js: 5ms, application-code: 90ms)
 GET /knowledge-base 200 in 94ms (next.js: 7ms, application-code: 87ms)
 GET /knowledge-base 200 in 106ms (next.js: 7ms, application-code: 99ms)
 GET /knowledge-base 200 in 105ms (next.js: 5ms, application-code: 100ms)
 GET /knowledge-base 200 in 107ms (next.js: 5ms, application-code: 102ms)
 GET /knowledge-base 200 in 105ms (next.js: 6ms, application-code: 99ms)
 GET /knowledge-base 200 in 110ms (next.js: 5ms, application-code: 105ms)
 GET /knowledge-base 200 in 114ms (next.js: 7ms, application-code: 107ms)
 GET /knowledge-base/kb_1 200 in 110ms (next.js: 14ms, application-code: 96ms)
 GET /knowledge-base/kb_4 200 in 83ms (next.js: 8ms, application-code: 75ms)
 GET /knowledge-base/kb_5 200 in 111ms (next.js: 15ms, application-code: 96ms)
 GET /knowledge-base/kb_1 200 in 99ms (next.js: 22ms, application-code: 76ms)
 GET /knowledge-base/kb_4 200 in 88ms (next.js: 9ms, application-code: 79ms)
 GET /knowledge-base/kb_5 200 in 98ms (next.js: 11ms, application-code: 87ms)
 GET /knowledge-base/kb_1 200 in 87ms (next.js: 12ms, application-code: 75ms)
 GET /knowledge-base/does-not-exist 404 in 100ms (next.js: 11ms, application-code: 90ms)
 GET /workflows 200 in 75ms (next.js: 15ms, application-code: 60ms)
 GET /knowledge-base 200 in 87ms (next.js: 6ms, application-code: 81ms)
 GET /knowledge-base 200 in 101ms (next.js: 7ms, application-code: 94ms)
 GET /knowledge-base 200 in 96ms (next.js: 6ms, application-code: 90ms)
 GET /knowledge-base 200 in 87ms (next.js: 6ms, application-code: 81ms)
 GET /knowledge-base 200 in 95ms (next.js: 6ms, application-code: 88ms)
 GET /knowledge-base 200 in 87ms (next.js: 6ms, application-code: 81ms)
 GET /knowledge-base 200 in 130ms (next.js: 7ms, application-code: 122ms)
 GET /knowledge-base/kb_5 200 in 71ms (next.js: 25ms, application-code: 46ms)
 GET /knowledge-base 200 in 730ms (next.js: 97ms, application-code: 633ms)
 GET /knowledge-base/kb_5 200 in 101ms (next.js: 32ms, application-code: 69ms)
 GET /knowledge-base 200 in 270ms (next.js: 27ms, application-code: 243ms)
 GET /knowledge-base 200 in 135ms (next.js: 6ms, application-code: 129ms)
 GET /knowledge-base/kb_5 200 in 63ms (next.js: 22ms, application-code: 41ms)
 GET /knowledge-base 200 in 129ms (next.js: 11ms, application-code: 119ms)
 GET /knowledge-base/kb_5 200 in 63ms (next.js: 20ms, application-code: 43ms)
 GET /knowledge-base 200 in 130ms (next.js: 6ms, application-code: 124ms)
 GET /knowledge-base/kb_5 200 in 78ms (next.js: 26ms, application-code: 52ms)
 GET /knowledge-base 200 in 133ms (next.js: 7ms, application-code: 126ms)
 GET /knowledge-base/kb_5 200 in 49ms (next.js: 18ms, application-code: 31ms)
 GET /knowledge-base 200 in 137ms (next.js: 9ms, application-code: 128ms)
 GET /knowledge-base/kb_5 200 in 89ms (next.js: 44ms, application-code: 44ms)
 GET /knowledge-base 200 in 953ms (next.js: 110ms, application-code: 843ms)
 GET /knowledge-base/kb_5 200 in 179ms (next.js: 63ms, application-code: 116ms)
 GET /knowledge-base 200 in 147ms (next.js: 10ms, application-code: 137ms)
 GET /knowledge-base 200 in 350ms (next.js: 60ms, application-code: 289ms)
 GET /knowledge-base/kb_5 200 in 107ms (next.js: 46ms, application-code: 60ms)
 GET /knowledge-base 200 in 116ms (next.js: 7ms, application-code: 109ms)
 GET /knowledge-base 200 in 117ms (next.js: 7ms, application-code: 110ms)
 GET /knowledge-base 200 in 123ms (next.js: 9ms, application-code: 114ms)
 GET /knowledge-base 200 in 133ms (next.js: 8ms, application-code: 124ms)
 GET /knowledge-base 200 in 127ms (next.js: 12ms, application-code: 114ms)
 GET /knowledge-base 200 in 101ms (next.js: 6ms, application-code: 96ms)
 GET /knowledge-base 200 in 119ms (next.js: 10ms, application-code: 109ms)
 GET /knowledge-base/kb_5 200 in 69ms (next.js: 27ms, application-code: 42ms)
 GET /knowledge-base 200 in 109ms (next.js: 6ms, application-code: 103ms)
 GET /knowledge-base 200 in 214ms (next.js: 18ms, application-code: 197ms)
 GET /knowledge-base 200 in 138ms (next.js: 7ms, application-code: 131ms)
 GET /knowledge-base 200 in 158ms (next.js: 7ms, application-code: 151ms)
 GET /knowledge-base 200 in 137ms (next.js: 8ms, application-code: 128ms)
 GET /knowledge-base 200 in 109ms (next.js: 10ms, application-code: 99ms)
 GET /knowledge-base 200 in 129ms (next.js: 7ms, application-code: 121ms)
 GET /knowledge-base 200 in 103ms (next.js: 7ms, application-code: 97ms)
 GET /knowledge-base 200 in 123ms (next.js: 6ms, application-code: 117ms)
 GET /knowledge-base 200 in 3.4s (next.js: 342ms, application-code: 3.0s)
 GET /knowledge-base 200 in 106ms (next.js: 10ms, application-code: 97ms)
 GET /knowledge-base 200 in 103ms (next.js: 6ms, application-code: 97ms)
 GET /knowledge-base 200 in 117ms (next.js: 6ms, application-code: 112ms)
 GET /knowledge-base 200 in 130ms (next.js: 6ms, application-code: 124ms)
 GET /knowledge-base 200 in 293ms (next.js: 11ms, application-code: 282ms)
 GET /knowledge-base 200 in 350ms (next.js: 39ms, application-code: 311ms)
 GET /knowledge-base 200 in 130ms (next.js: 8ms, application-code: 122ms)
 GET /knowledge-base 200 in 105ms (next.js: 7ms, application-code: 98ms)
 GET /knowledge-base 200 in 168ms (next.js: 8ms, application-code: 160ms)
 GET /knowledge-base 200 in 105ms (next.js: 7ms, application-code: 98ms)
 GET /knowledge-base 200 in 129ms (next.js: 7ms, application-code: 122ms)
 GET /knowledge-base 200 in 148ms (next.js: 13ms, application-code: 135ms)
 GET /knowledge-base 200 in 116ms (next.js: 8ms, application-code: 107ms)
 GET /knowledge-base/kb_1 200 in 441ms (next.js: 161ms, application-code: 280ms)
 GET /knowledge-base/kb_4 200 in 120ms (next.js: 15ms, application-code: 105ms)
 GET /knowledge-base/kb_5 200 in 105ms (next.js: 14ms, application-code: 91ms)
 GET /knowledge-base/kb_1 200 in 127ms (next.js: 15ms, application-code: 112ms)
 GET /knowledge-base/kb_4 200 in 115ms (next.js: 13ms, application-code: 103ms)
 GET /knowledge-base/kb_5 200 in 122ms (next.js: 17ms, application-code: 106ms)
 GET /knowledge-base/kb_1 200 in 127ms (next.js: 41ms, application-code: 86ms)
 GET /knowledge-base/does-not-exist 404 in 111ms (next.js: 13ms, application-code: 99ms)
 GET /workflows 200 in 146ms (next.js: 32ms, application-code: 114ms)
 GET /knowledge-base 200 in 112ms (next.js: 7ms, application-code: 104ms)
 GET /knowledge-base 200 in 127ms (next.js: 11ms, application-code: 116ms)
 GET /knowledge-base 200 in 255ms (next.js: 171ms, application-code: 83ms)
 GET /knowledge-base 200 in 84ms (next.js: 5ms, application-code: 78ms)
 GET /knowledge-base 200 in 96ms (next.js: 8ms, application-code: 89ms)
 GET /knowledge-base 200 in 105ms (next.js: 4ms, application-code: 101ms)
 GET /knowledge-base 200 in 100ms (next.js: 7ms, application-code: 93ms)
 GET /knowledge-base 200 in 115ms (next.js: 5ms, application-code: 110ms)
 GET /knowledge-base 200 in 103ms (next.js: 6ms, application-code: 97ms)
 GET /knowledge-base 200 in 100ms (next.js: 7ms, application-code: 93ms)
 GET /knowledge-base 200 in 100ms (next.js: 6ms, application-code: 94ms)
 GET /knowledge-base 200 in 108ms (next.js: 7ms, application-code: 101ms)
 GET /knowledge-base 200 in 105ms (next.js: 6ms, application-code: 99ms)
 GET /knowledge-base 200 in 124ms (next.js: 6ms, application-code: 118ms)
 GET /knowledge-base/kb_1 200 in 87ms (next.js: 14ms, application-code: 73ms)
 GET /knowledge-base/kb_4 200 in 92ms (next.js: 12ms, application-code: 79ms)
 GET /knowledge-base/kb_5 200 in 115ms (next.js: 25ms, application-code: 90ms)
 GET /knowledge-base/kb_1 200 in 74ms (next.js: 9ms, application-code: 65ms)
 GET /knowledge-base/kb_4 200 in 83ms (next.js: 10ms, application-code: 72ms)
 GET /knowledge-base/kb_5 200 in 82ms (next.js: 10ms, application-code: 71ms)
 GET /knowledge-base/kb_1 200 in 86ms (next.js: 11ms, application-code: 75ms)
 GET /knowledge-base/does-not-exist 404 in 98ms (next.js: 11ms, application-code: 87ms)
 GET /workflows 200 in 70ms (next.js: 5ms, application-code: 65ms)
 GET /knowledge-base 200 in 130ms (next.js: 9ms, application-code: 122ms)
 GET /knowledge-base 200 in 268ms (next.js: 56ms, application-code: 212ms)
 GET /knowledge-base 200 in 155ms (next.js: 10ms, application-code: 145ms)
 GET /knowledge-base 200 in 212ms (next.js: 35ms, application-code: 177ms)
 GET /knowledge-base 200 in 100ms (next.js: 6ms, application-code: 94ms)
 GET /knowledge-base 200 in 132ms (next.js: 7ms, application-code: 125ms)
 GET /knowledge-base 200 in 96ms (next.js: 5ms, application-code: 90ms)
 GET /knowledge-base 200 in 101ms (next.js: 5ms, application-code: 96ms)
 GET /knowledge-base 200 in 87ms (next.js: 5ms, application-code: 83ms)
 GET /knowledge-base 200 in 110ms (next.js: 5ms, application-code: 105ms)
 GET /knowledge-base 200 in 114ms (next.js: 9ms, application-code: 105ms)
 GET /knowledge-base 200 in 119ms (next.js: 9ms, application-code: 110ms)
 GET /knowledge-base 200 in 99ms (next.js: 5ms, application-code: 93ms)
 GET /knowledge-base 200 in 103ms (next.js: 6ms, application-code: 97ms)
 GET /knowledge-base/kb_1 200 in 452ms (next.js: 122ms, application-code: 330ms)
 GET /knowledge-base/kb_4 200 in 110ms (next.js: 13ms, application-code: 97ms)
 GET /knowledge-base/kb_5 200 in 114ms (next.js: 14ms, application-code: 100ms)
 GET /knowledge-base/kb_1 200 in 84ms (next.js: 12ms, application-code: 72ms)
 GET /knowledge-base/kb_4 200 in 74ms (next.js: 11ms, application-code: 63ms)
 GET /knowledge-base/kb_5 200 in 102ms (next.js: 14ms, application-code: 89ms)
 GET /knowledge-base/kb_1 200 in 93ms (next.js: 12ms, application-code: 81ms)
 GET /knowledge-base/does-not-exist 404 in 90ms (next.js: 9ms, application-code: 81ms)
 GET /workflows 200 in 100ms (next.js: 8ms, application-code: 93ms)
 GET /knowledge-base 200 in 144ms (next.js: 9ms, application-code: 135ms)
 GET /knowledge-base 200 in 204ms (next.js: 12ms, application-code: 192ms)
 GET /knowledge-base 200 in 341ms (next.js: 16ms, application-code: 325ms)
 GET /knowledge-base 200 in 1288ms (next.js: 360ms, application-code: 927ms)
 GET /knowledge-base 200 in 210ms (next.js: 8ms, application-code: 202ms)
 GET /knowledge-base 200 in 94ms (next.js: 6ms, application-code: 88ms)
 GET /knowledge-base 200 in 88ms (next.js: 5ms, application-code: 83ms)
 GET /knowledge-base 200 in 114ms (next.js: 6ms, application-code: 108ms)
 GET /knowledge-base 200 in 102ms (next.js: 5ms, application-code: 97ms)
 GET /knowledge-base 200 in 100ms (next.js: 6ms, application-code: 94ms)
 GET /knowledge-base 200 in 106ms (next.js: 7ms, application-code: 99ms)
 GET /knowledge-base 200 in 107ms (next.js: 5ms, application-code: 102ms)
 GET /knowledge-base 200 in 118ms (next.js: 7ms, application-code: 111ms)
 GET /knowledge-base 200 in 99ms (next.js: 5ms, application-code: 94ms)
 GET /knowledge-base 200 in 283ms (next.js: 12ms, application-code: 271ms)
 GET /knowledge-base 200 in 119ms (next.js: 6ms, application-code: 113ms)
 GET /knowledge-base 200 in 109ms (next.js: 7ms, application-code: 103ms)
 GET /knowledge-base/kb_1 200 in 249ms (next.js: 88ms, application-code: 161ms)
 GET /knowledge-base/kb_4 200 in 93ms (next.js: 8ms, application-code: 86ms)
 GET /knowledge-base/kb_5 200 in 325ms (next.js: 29ms, application-code: 296ms)
 GET /knowledge-base/kb_1 200 in 173ms (next.js: 20ms, application-code: 152ms)
 GET /knowledge-base/kb_4 200 in 1429ms (next.js: 49ms, application-code: 1379ms)
 GET /knowledge-base/kb_5 200 in 258ms (next.js: 96ms, application-code: 162ms)
 GET /knowledge-base/kb_1 200 in 122ms (next.js: 41ms, application-code: 82ms)
 GET /knowledge-base/does-not-exist 404 in 144ms (next.js: 19ms, application-code: 125ms)
 GET /workflows 200 in 182ms (next.js: 47ms, application-code: 134ms)
